main.c:85:5:main	24	static
main.c:177:6:SystemClock_Config	88	static
main.c:222:13:MX_ADC1_Init	24	static
main.c:272:13:MX_TIM1_Init	96	static
main.c:347:13:MX_TIM3_Init	32	static
main.c:392:13:MX_TIM11_Init	8	static
main.c:423:13:MX_USART2_UART_Init	8	static
main.c:454:13:MX_DMA_Init	16	static
main.c:472:13:MX_GPIO_Init	48	static
main.c:501:6:HAL_ADC_ConvCpltCallback	16	static
main.c:505:6:HAL_TIM_PeriodElapsedCallback	24	static
main.c:511:21:micros	12	static
main.c:520:6:Error_Handler	4	static,ignoring_inline_asm
